// Jest Snapshot v1, https://goo.gl/fbAQLP

exports[`Pruebas en GifItem Debe hacer match con el snapshot 1`] = `
<div>
  <div
    class="card"
  >
    <img
      alt="Killua Zondick"
      src="https://hunterxhunter.com/killua.jpg"
    />
    <p>
      Killua Zondick
    </p>
  </div>
</div>
`;
